// Jest Snapshot v1, https://goo.gl/fbAQLP

exports[`Cloud Functions Request to join creation should be fail creating proposal transaction without all needed provided 1`] = `"Unable to create a request to join transaction!"`;
